// Jest Snapshot v1, https://goo.gl/fbAQLP

exports[`renders correctly 1`] = `
Array [
  <div
    data-testid="display"
  >
    Counter: 
    0
  </div>,
  <button
    onClick={[Function]}
    style={
      Object {
        "opacity": "100%",
      }
    }
  >
    increment
  </button>,
]
`;
